VM1835 index-DUqVaf4Y.js:172  `DialogContent` requires a `DialogTitle` for the component to be accessible for screen reader users.

If you want to hide the `DialogTitle`, you can wrap it with our VisuallyHidden component.

For more information, see https://radix-ui.com/primitives/docs/components/dialog
console.error @ VM1835 index-DUqVaf4Y.js:172
console.error @ VM1835 index-DUqVaf4Y.js:172
(anonymous) @ VM1833 ui-B-w3Zjrn.js:1
Qj @ VM1837 vendor-C16OW_zf.js:1
Hk @ VM1837 vendor-C16OW_zf.js:1
(anonymous) @ VM1837 vendor-C16OW_zf.js:1
Pk @ VM1837 vendor-C16OW_zf.js:1
Ek @ VM1837 vendor-C16OW_zf.js:1
jg @ VM1837 vendor-C16OW_zf.js:1
(anonymous) @ VM1837 vendor-C16OW_zf.js:1
scriptErrorIsolation.js:94  [ERROR] getDashboardOverview failed:
overrideMethod @ hook.js:608
console.error @ scriptErrorIsolation.js:94
console.error @ scriptErrorIsolation.js:94
(anonymous) @ api.js:636
rejected @ index-DUqVaf4Y.js:2
Promise.then
step @ index-DUqVaf4Y.js:2
(anonymous) @ index-DUqVaf4Y.js:2
__async @ index-DUqVaf4Y.js:2
getDashboardOverview @ api.js:610
(anonymous) @ performanceOptimizations.js:405
(anonymous) @ index-DUqVaf4Y.js:2
__async @ index-DUqVaf4Y.js:2
optimizedApiCall @ performanceOptimizations.js:385
(anonymous) @ useDashboard.js:30
(anonymous) @ index-DUqVaf4Y.js:2
__async @ index-DUqVaf4Y.js:2
(anonymous) @ useDashboard.js:17
(anonymous) @ useDashboard.js:205
(anonymous) @ Dashboard.jsx:37
setInterval
(anonymous) @ Dashboard.jsx:36
Qj @ react-dom.production.min.js:243
Hk @ react-dom.production.min.js:285
Ek @ react-dom.production.min.js:272
jg @ react-dom.production.min.js:127
(anonymous) @ react-dom.production.min.js:282
Pk @ react-dom.production.min.js:280
Gk @ react-dom.production.min.js:269
J2 @ scheduler.production.min.js:13
R2 @ scheduler.production.min.js:14
scriptErrorIsolation.js:94  - Error object: AxiosError$1 {message: 'timeout of 10000ms exceeded', name: 'AxiosError', code: 'ECONNABORTED', config: {…}, request: XMLHttpRequest, …}
overrideMethod @ hook.js:608
console.error @ scriptErrorIsolation.js:94
console.error @ scriptErrorIsolation.js:94
(anonymous) @ api.js:637
rejected @ index-DUqVaf4Y.js:2
Promise.then
step @ index-DUqVaf4Y.js:2
(anonymous) @ index-DUqVaf4Y.js:2
__async @ index-DUqVaf4Y.js:2
getDashboardOverview @ api.js:610
(anonymous) @ performanceOptimizations.js:405
(anonymous) @ index-DUqVaf4Y.js:2
__async @ index-DUqVaf4Y.js:2
optimizedApiCall @ performanceOptimizations.js:385
(anonymous) @ useDashboard.js:30
(anonymous) @ index-DUqVaf4Y.js:2
__async @ index-DUqVaf4Y.js:2
(anonymous) @ useDashboard.js:17
(anonymous) @ useDashboard.js:205
(anonymous) @ Dashboard.jsx:37
setInterval
(anonymous) @ Dashboard.jsx:36
Qj @ react-dom.production.min.js:243
Hk @ react-dom.production.min.js:285
Ek @ react-dom.production.min.js:272
jg @ react-dom.production.min.js:127
(anonymous) @ react-dom.production.min.js:282
Pk @ react-dom.production.min.js:280
Gk @ react-dom.production.min.js:269
J2 @ scheduler.production.min.js:13
R2 @ scheduler.production.min.js:14
scriptErrorIsolation.js:94  - Error message: timeout of 10000ms exceeded
overrideMethod @ hook.js:608
console.error @ scriptErrorIsolation.js:94
console.error @ scriptErrorIsolation.js:94
(anonymous) @ api.js:638
rejected @ index-DUqVaf4Y.js:2
Promise.then
step @ index-DUqVaf4Y.js:2
(anonymous) @ index-DUqVaf4Y.js:2
__async @ index-DUqVaf4Y.js:2
getDashboardOverview @ api.js:610
(anonymous) @ performanceOptimizations.js:405
(anonymous) @ index-DUqVaf4Y.js:2
__async @ index-DUqVaf4Y.js:2
optimizedApiCall @ performanceOptimizations.js:385
(anonymous) @ useDashboard.js:30
(anonymous) @ index-DUqVaf4Y.js:2
__async @ index-DUqVaf4Y.js:2
(anonymous) @ useDashboard.js:17
(anonymous) @ useDashboard.js:205
(anonymous) @ Dashboard.jsx:37
setInterval
(anonymous) @ Dashboard.jsx:36
Qj @ react-dom.production.min.js:243
Hk @ react-dom.production.min.js:285
Ek @ react-dom.production.min.js:272
jg @ react-dom.production.min.js:127
(anonymous) @ react-dom.production.min.js:282
Pk @ react-dom.production.min.js:280
Gk @ react-dom.production.min.js:269
J2 @ scheduler.production.min.js:13
R2 @ scheduler.production.min.js:14
scriptErrorIsolation.js:94  - Error response: undefined
overrideMethod @ hook.js:608
console.error @ scriptErrorIsolation.js:94
console.error @ scriptErrorIsolation.js:94
(anonymous) @ api.js:639
rejected @ index-DUqVaf4Y.js:2
Promise.then
step @ index-DUqVaf4Y.js:2
(anonymous) @ index-DUqVaf4Y.js:2
__async @ index-DUqVaf4Y.js:2
getDashboardOverview @ api.js:610
(anonymous) @ performanceOptimizations.js:405
(anonymous) @ index-DUqVaf4Y.js:2
__async @ index-DUqVaf4Y.js:2
optimizedApiCall @ performanceOptimizations.js:385
(anonymous) @ useDashboard.js:30
(anonymous) @ index-DUqVaf4Y.js:2
__async @ index-DUqVaf4Y.js:2
(anonymous) @ useDashboard.js:17
(anonymous) @ useDashboard.js:205
(anonymous) @ Dashboard.jsx:37
setInterval
(anonymous) @ Dashboard.jsx:36
Qj @ react-dom.production.min.js:243
Hk @ react-dom.production.min.js:285
Ek @ react-dom.production.min.js:272
jg @ react-dom.production.min.js:127
(anonymous) @ react-dom.production.min.js:282
Pk @ react-dom.production.min.js:280
Gk @ react-dom.production.min.js:269
J2 @ scheduler.production.min.js:13
R2 @ scheduler.production.min.js:14
scriptErrorIsolation.js:94  [ERROR] getAccurateDashboardMetrics failed: AxiosError$1 {message: 'timeout of 10000ms exceeded', name: 'AxiosError', code: 'ECONNABORTED', config: {…}, request: XMLHttpRequest, …}
overrideMethod @ hook.js:608
console.error @ scriptErrorIsolation.js:94
console.error @ scriptErrorIsolation.js:94
(anonymous) @ api.js:674
rejected @ index-DUqVaf4Y.js:2
Promise.then
step @ index-DUqVaf4Y.js:2
(anonymous) @ index-DUqVaf4Y.js:2
__async @ index-DUqVaf4Y.js:2
getAccurateDashboardMetrics @ api.js:667
(anonymous) @ performanceOptimizations.js:405
(anonymous) @ index-DUqVaf4Y.js:2
__async @ index-DUqVaf4Y.js:2
optimizedApiCall @ performanceOptimizations.js:385
(anonymous) @ useDashboard.js:35
(anonymous) @ index-DUqVaf4Y.js:2
__async @ index-DUqVaf4Y.js:2
(anonymous) @ useDashboard.js:17
(anonymous) @ useDashboard.js:205
(anonymous) @ Dashboard.jsx:37
setInterval
(anonymous) @ Dashboard.jsx:36
Qj @ react-dom.production.min.js:243
Hk @ react-dom.production.min.js:285
Ek @ react-dom.production.min.js:272
jg @ react-dom.production.min.js:127
(anonymous) @ react-dom.production.min.js:282
Pk @ react-dom.production.min.js:280
Gk @ react-dom.production.min.js:269
J2 @ scheduler.production.min.js:13
R2 @ scheduler.production.min.js:14
scriptErrorIsolation.js:94  [ERROR] getSales failed: timeout of 10000ms exceeded
overrideMethod @ hook.js:608
console.error @ scriptErrorIsolation.js:94
console.error @ scriptErrorIsolation.js:94
(anonymous) @ api.js:498
rejected @ index-DUqVaf4Y.js:2
Promise.then
step @ index-DUqVaf4Y.js:2
(anonymous) @ index-DUqVaf4Y.js:2
__async @ index-DUqVaf4Y.js:2
getSales @ api.js:492
(anonymous) @ useDashboard.js:70
fulfilled @ index-DUqVaf4Y.js:2
Promise.then
step @ index-DUqVaf4Y.js:2
(anonymous) @ index-DUqVaf4Y.js:2
__async @ index-DUqVaf4Y.js:2
(anonymous) @ useDashboard.js:17
(anonymous) @ useDashboard.js:205
(anonymous) @ Dashboard.jsx:37
setInterval
(anonymous) @ Dashboard.jsx:36
Qj @ react-dom.production.min.js:243
Hk @ react-dom.production.min.js:285
Ek @ react-dom.production.min.js:272
jg @ react-dom.production.min.js:127
(anonymous) @ react-dom.production.min.js:282
Pk @ react-dom.production.min.js:280
Gk @ react-dom.production.min.js:269
J2 @ scheduler.production.min.js:13
R2 @ scheduler.production.min.js:14
scriptErrorIsolation.js:94  [ERROR] getInvoices failed: timeout of 10000ms exceeded
overrideMethod @ hook.js:608
console.error @ scriptErrorIsolation.js:94
console.error @ scriptErrorIsolation.js:94
(anonymous) @ api.js:407
rejected @ index-DUqVaf4Y.js:2
Promise.then
step @ index-DUqVaf4Y.js:2
(anonymous) @ index-DUqVaf4Y.js:2
__async @ index-DUqVaf4Y.js:2
getInvoices @ api.js:401
(anonymous) @ useDashboard.js:71
fulfilled @ index-DUqVaf4Y.js:2
Promise.then
step @ index-DUqVaf4Y.js:2
(anonymous) @ index-DUqVaf4Y.js:2
__async @ index-DUqVaf4Y.js:2
(anonymous) @ useDashboard.js:17
(anonymous) @ useDashboard.js:205
(anonymous) @ Dashboard.jsx:37
setInterval
(anonymous) @ Dashboard.jsx:36
Qj @ react-dom.production.min.js:243
Hk @ react-dom.production.min.js:285
Ek @ react-dom.production.min.js:272
jg @ react-dom.production.min.js:127
(anonymous) @ react-dom.production.min.js:282
Pk @ react-dom.production.min.js:280
Gk @ react-dom.production.min.js:269
J2 @ scheduler.production.min.js:13
R2 @ scheduler.production.min.js:14
scriptErrorIsolation.js:94  [ERROR] getExpenses failed: timeout of 10000ms exceeded